// Jest Snapshot v1, https://goo.gl/fbAQLP

exports[`Home Basic Home should match snapshot 1`] = `null`;
