// Jest Snapshot v1, https://goo.gl/fbAQLP

exports[`Header Basic button should match snapshot 1`] = `
<RCTSafeAreaView
  emulateUnlessSupported={true}
  style={
    Array [
      Object {
        "alignItems": "center",
      },
      undefined,
    ]
  }
>
  <Text
    style={
      Array [
        Object {
          "fontSize": 16,
          "marginVertical": 10,
        },
        undefined,
      ]
    }
  >
    Test title
  </Text>
</RCTSafeAreaView>
`;
